// Jest Snapshot v1, https://goo.gl/fbAQLP

exports[`it should display correct configuration for barchart 1`] = `
<div
  className="BarChartConfig"
>
  <fieldset
    className="ColorSection"
  >
    <legend>
      Select visualization color
    </legend>
    <ColorPicker
      onChange={[Function]}
      selectedColor="#1991c8"
    />
  </fieldset>
  <fieldset
    className="axisConfig"
  >
    <legend>
      Axis names
    </legend>
    <LabeledInput
      label="x-axis"
      onChange={[Function]}
      type="text"
      value=""
    />
    <LabeledInput
      label="y-axis"
      onChange={[Function]}
      type="text"
      value=""
    />
  </fieldset>
  <fieldset
    className="goalLine"
  >
    <legend>
      <Switch
        checked={false}
        onChange={[Function]}
      />
      Goal
    </legend>
    <ChartTargetInput
      report={
        Object {
          "combined": false,
          "data": Object {
            "configuration": Object {
              "color": "#1991c8",
              "hideAbsoluteValue": false,
              "hideRelativeValue": false,
              "showInstanceCount": false,
              "targetValue": Object {
                "active": false,
              },
              "xLabel": "",
              "yLabel": "",
            },
            "view": Object {
              "property": "frequency",
            },
            "visualization": "bar",
          },
        }
      }
    />
  </fieldset>
</div>
`;
