// Jest Snapshot v1, https://goo.gl/fbAQLP

exports[`InstanceEvents should render grouped events if events or activities changed 1`] = `
<Themed(styled.div)
  activitiesDetails={
    Object {
      "bar": Object {
        "name": "bar name",
      },
      "foo": Object {
        "name": "foo name",
      },
    }
  }
  instance={
    Object {
      "id": "foo",
    }
  }
>
  <styled.div>
    <Themed(styled.div)
      key="0"
    >
      <Foldable
        key="foo name0"
      >
        <Summary
          isBold={true}
          isFoldable={true}
        >
          foo name
        </Summary>
        <Details>
          <Foldable
            key="fooCreated0"
          >
            <Summary
              isFoldable={true}
            >
              fooCreated
            </Summary>
            <Details>
              <Themed(styled.div)
                key="0"
              >
                a: b
              </Themed(styled.div)>
            </Details>
          </Foldable>
          <Foldable
            key="fooActiviated1"
          >
            <Summary
              isFoldable={false}
            >
              fooActiviated
            </Summary>
            <Details />
          </Foldable>
        </Details>
      </Foldable>
    </Themed(styled.div)>
    <Themed(styled.div)
      key="1"
    >
      <Foldable
        key="bar name1"
      >
        <Summary
          isBold={true}
          isFoldable={true}
        >
          bar name
        </Summary>
        <Details>
          <Foldable
            key="barCreated0"
          >
            <Summary
              isFoldable={false}
            >
              barCreated
            </Summary>
            <Details />
          </Foldable>
          <Foldable
            key="barActivated1"
          >
            <Summary
              isFoldable={false}
            >
              barActivated
            </Summary>
            <Details />
          </Foldable>
        </Details>
      </Foldable>
    </Themed(styled.div)>
    <Themed(styled.div)
      key="2"
    >
      <Foldable
        key="baz2"
      >
        <Summary
          isFoldable={true}
        >
          baz
        </Summary>
        <Details>
          <Foldable
            key="0"
          >
            <Summary
              isFoldable={true}
            >
              c
            </Summary>
            <Details>
              <Themed(styled.div)
                key="0"
              >
                d: e
              </Themed(styled.div)>
            </Details>
          </Foldable>
        </Details>
      </Foldable>
    </Themed(styled.div)>
  </styled.div>
</Themed(styled.div)>
`;
