// Jest Snapshot v1, https://goo.gl/fbAQLP

exports[`should add an autorefresh addon when autorefresh mode is active 1`] = `
Array [
  <AutoRefreshBehavior
    interval={3600000}
  />,
  <DiagramScrollLock />,
]
`;
