// Jest Snapshot v1, https://goo.gl/fbAQLP

exports[`should construct a bar Chart with the noda data 1`] = `
Object {
  "datasets": Array [
    Object {
      "backgroundColor": Array [
        "#1991c8",
        "#eeeeee",
      ],
      "borderColor": Array [
        "#1991c8",
        "#eeeeee",
      ],
      "borderWidth": 2,
      "data": Array [
        "3",
        "20",
      ],
    },
  ],
  "labels": Array [
    "5",
    "1",
  ],
}
`;

exports[`should create correct chart options 1`] = `
Object {
  "animation": false,
  "legend": Object {
    "display": false,
  },
  "maintainAspectRatio": false,
  "responsive": true,
  "scales": Object {
    "xAxes": Array [
      Object {
        "scaleLabel": Object {
          "display": true,
          "fontStyle": "bold",
          "labelString": "Duration",
        },
        "ticks": Object {},
      },
    ],
    "yAxes": Array [
      Object {
        "scaleLabel": Object {
          "display": true,
          "fontStyle": "bold",
          "labelString": "Instance Count",
        },
      },
    ],
  },
  "tooltips": Object {
    "callbacks": Object {
      "label": [Function],
      "title": [Function],
    },
    "filter": [Function],
    "intersect": false,
    "mode": "x",
  },
}
`;
