// Jest Snapshot v1, https://goo.gl/fbAQLP

exports[`should match snapshot 1`] = `
<Modal
  className="AddUserModal"
  onClose={[Function]}
  onConfirm={[Function]}
  open={true}
>
  <Component>
    Add User or User Group
  </Component>
  <Component>
    <Form>
      Users and User Groups
      <FormGroup>
        <OldTypeahead
          formatter={[Function]}
          onSelect={[Function]}
          placeholder="Search for name, email or ID ..."
          values={[Function]}
        />
      </FormGroup>
      User role
      <FormGroup>
        <ForwardRef(LabeledInput)
          checked={true}
          label={
            <React.Fragment>
              <h2>
                Viewer
              </h2>
              <p>
                Read-only access to all objects
              </p>
            </React.Fragment>
          }
          onChange={[Function]}
          type="radio"
        />
        <ForwardRef(LabeledInput)
          checked={false}
          label={
            <React.Fragment>
              <h2>
                Editor
              </h2>
              <p>
                Create, edit and delete Dashboards, Reports and Alerts
              </p>
            </React.Fragment>
          }
          onChange={[Function]}
          type="radio"
        />
        <ForwardRef(LabeledInput)
          checked={false}
          label={
            <React.Fragment>
              <h2>
                Manager
              </h2>
              <p>
                Full rights editing Collection and Users
              </p>
            </React.Fragment>
          }
          onChange={[Function]}
          type="radio"
        />
      </FormGroup>
    </Form>
  </Component>
  <Component>
    <ForwardRef(Button)
      className="cancel"
      onClick={[Function]}
    >
      Cancel
    </ForwardRef(Button)>
    <ForwardRef(Button)
      className="confirm"
      color="blue"
      disabled={true}
      onClick={[Function]}
      variant="primary"
    >
      Add
    </ForwardRef(Button)>
  </Component>
</Modal>
`;
