// Jest Snapshot v1, https://goo.gl/fbAQLP

exports[`should match snapshot 1`] = `
<Modal
  className="EditSourceModal"
  onClose={[MockFunction]}
  onConfirm={[Function]}
  open={true}
>
  <Component>
    Edit defName
  </Component>
  <Component>
    <Form>
      Tenants
      <FormGroup>
        <ItemsList
          allItems={
            Array [
              Object {
                "id": null,
                "name": "Not defined",
              },
              Object {
                "id": "test",
                "name": "testName",
              },
              Object {
                "id": "__unauthorizedTenantId__",
                "name": "unauthorizedTenant",
              },
            ]
          }
          onChange={[Function]}
          selectedItems={
            Array [
              Object {
                "id": null,
                "name": "Not defined",
              },
              Object {
                "id": "__unauthorizedTenantId__",
                "name": "unauthorizedTenant",
              },
            ]
          }
        />
      </FormGroup>
    </Form>
  </Component>
  <Component>
    <ForwardRef(Button)
      className="cancel"
      onClick={[MockFunction]}
    >
      Cancel
    </ForwardRef(Button)>
    <ForwardRef(Button)
      className="confirm"
      disabled={false}
      onClick={[Function]}
      primary={true}
    >
      Apply
    </ForwardRef(Button)>
  </Component>
</Modal>
`;
