// Jest Snapshot v1, https://goo.gl/fbAQLP

exports[`should format user list information correctly 1`] = `
<Typeahead
  async={true}
  className="UserTypeahead"
  hasMore={false}
  loading={true}
  onChange={[Function]}
  onClose={[Function]}
  onOpen={[Function]}
  onSearch={[Function]}
  placeholder="Search for name, email or ID ..."
>
  <ForwardRef(DropdownOption)
    key="testUser"
    label="testUser"
    value="testUser"
  >
    testUser
    <span
      className="subTexts"
    />
  </ForwardRef(DropdownOption)>
  <ForwardRef(DropdownOption)
    key="user2"
    label="testUser@test.com"
    value="user2"
  >
    testUser@test.com
    <span
      className="subTexts"
    >
      <span
        className="subText"
        key="0"
      >
        user2
      </span>
    </span>
  </ForwardRef(DropdownOption)>
  <ForwardRef(DropdownOption)
    key="groupId"
    label="groupName"
    value="groupId"
  >
    groupName
     (User Group)
    <span
      className="subTexts"
    >
      <span
        className="subText"
        key="0"
      >
        group@test.com
      </span>
      <span
        className="subText"
        key="1"
      >
        groupId
      </span>
    </span>
  </ForwardRef(DropdownOption)>
</Typeahead>
`;
