// Jest Snapshot v1, https://goo.gl/fbAQLP

exports[`should render bucket options 1`] = `
<fieldset
  className="NumVariableBucket"
>
  <legend>
    <Switch
      checked={false}
      label="Bucket Size"
      onChange={[Function]}
    />
  </legend>
  <ForwardRef(Input)
    defaultValue="10"
    disabled={true}
    isInvalid={false}
    onChange={[Function]}
  />
  <ForwardRef(LabeledInput)
    defaultValue="0"
    disabled={true}
    isInvalid={false}
    label="Baseline"
    onChange={[Function]}
  />
</fieldset>
`;

exports[`should render nothing if the current variable is not a number 1`] = `""`;
