// Jest Snapshot v1, https://goo.gl/fbAQLP

exports[`should render component 1`] = `
<div
  className="VisibleNodesFilter"
>
  <fieldset>
    <legend>
      <Switch
        checked={false}
        label="Customize Node Display"
        onChange={[Function]}
      />
    </legend>
    <ForwardRef(Button)
      disabled={true}
      onClick={[Function]}
    >
      Select Flow Nodes...
    </ForwardRef(Button)>
  </fieldset>
</div>
`;

exports[`should render nothing if report is not grouped by flowNodes 1`] = `""`;
