// Jest Snapshot v1, https://goo.gl/fbAQLP

exports[`InstancesBar should display the right data 1`] = `
<div>
  <Themed(styled.div)
    size="small"
  >
    <Themed(styled.div)
      data-test="incident-instances-badge"
      hasIncidents={true}
    >
      10
    </Themed(styled.div)>
    <Themed(styled.div)>
      someLabel
    </Themed(styled.div)>
    <Themed(styled.div)
      data-test="active-instances-badge"
      hasActive={true}
    >
      8
    </Themed(styled.div)>
  </Themed(styled.div)>
  <styled.div
    height={5}
  >
    <Themed(styled.div)
      hasActive={true}
    />
    <styled.div
      style={
        Object {
          "width": "55.55555555555556%",
        }
      }
    />
  </styled.div>
</div>
`;
