// Jest Snapshot v1, https://goo.gl/fbAQLP

exports[`should display a sentence to describe what the user can do on this page 1`] = `
<div
  className="BranchControlPanel"
>
  <ul
    className="list"
  >
    <li
      className="item summary"
    >
      For
      <withRouter(DefinitionSelectionErrorHandler)
        definitionKey=""
        onChange={[Function]}
        tenants={Array []}
        type="process"
        versions={Array []}
        xml={null}
      />
      analyze how the branches of
      <div
        className="config"
        name="gateway"
        onMouseOut={[Function]}
        onMouseOver={[Function]}
      >
        <ActionItem
          disabled={true}
          highlighted={false}
          onClick={[Function]}
        >
          Select Gateway
        </ActionItem>
      </div>
      affect the probability that an instance reached
      <div
        className="config"
        name="endEvent"
        onMouseOut={[Function]}
        onMouseOver={[Function]}
      >
        <ActionItem
          disabled={true}
          highlighted={false}
          onClick={[Function]}
        >
          Select End Event
        </ActionItem>
      </div>
    </li>
    <li
      className="item itemFilter"
    >
      <Filter
        data={null}
        filterLevel="instance"
        flowNodeNames={null}
        onChange={[Function]}
        processDefinitionKey=""
        processDefinitionVersions={Array []}
        tenantIds={Array []}
        variables={null}
        xml={null}
      />
    </li>
  </ul>
</div>
`;
